// Jest Snapshot v1, https://goo.gl/fbAQLP

exports[`constants should match snapshot 1`] = `
Object {
  "API_URL": "https://football-players-b31f2.firebaseio.com/players.json",
  "PLAYER_POSITIONS": Array [
    Object {
      "value": "Attacking Midfield",
    },
    Object {
      "value": "Central Midfield",
    },
    Object {
      "value": "Centre-Back",
    },
    Object {
      "value": "Centre-Forward",
    },
    Object {
      "value": "Defensive Midfield",
    },
    Object {
      "value": "Keeper",
    },
    Object {
      "value": "Left Midfield",
    },
    Object {
      "value": "Left Wing",
    },
    Object {
      "value": "Left-Back",
    },
    Object {
      "value": "Right-Back",
    },
  ],
}
`;
